
admin@anluong MINGW64 ~/OneDrive/Tài liệu (main)
$ git clone https://github.com/LuongVanAn-25174600024-DHKL19A1CL/25174600024-luongvanan-baitap.git
Cloning into '25174600024-luongvanan-baitap'...
remote: Enumerating objects: 3, done.
remote: Counting objects: 100% (3/3), done.
remote: Compressing objects: 100% (2/2), done.
remote: Total 3 (delta 0), reused 0 (delta 0), pack-reused 0 (from 0)
Receiving objects: 100% (3/3), done.

admin@anluong MINGW64 ~/OneDrive/Tài liệu (main)
$ cd 25174600024-luongvanan-baitap

admin@anluong MINGW64 ~/OneDrive/Tài liệu/25174600024-luongvanan-baitap (main)
$ echo "Lorem ipsum dolor sit amet, consectetur adipiscing elit. Integer efficitur, eros at
lacinia suscipit, magna turpis aliquam est, sit amet aliquam quam libero id mi. Ut vel
placerat risus. Sed tempor in ex vitae sodales. Donec et tempor orci. In pharetra
viverra sagittis. Vestibulum risus ante, molestie ac eros efficitur, bibendum tincidunt
turpis. In sit amet tortor gravida, ultricies ante vitae, varius tortor. Aliquam finibus
porta nulla sed gravida. Aliquam ultricies dapibus ante eget molestie. In hac habitasse
platea dictumst. Aliquam aliquam enim at massa pharetra, et vestibulum sapien
consequat. Donec accumsan quis metus at pellentesque. Morbi quis felis placerat,
interdum justo a, aliquam risus." > README.md

admin@anluong MINGW64 ~/OneDrive/Tài liệu/25174600024-luongvanan-baitap (main)
$ git add .

admin@anluong MINGW64 ~/OneDrive/Tài liệu/25174600024-luongvanan-baitap (main)
$ git commit -m "thay doi file"
[main 130f3f6] thay doi file
 1 file changed, 9 insertions(+), 2 deletions(-)

admin@anluong MINGW64 ~/OneDrive/Tài liệu/25174600024-luongvanan-baitap (main)
$ git push origin
Enumerating objects: 5, done.
Counting objects: 100% (5/5), done.
Delta compression using up to 12 threads
Compressing objects: 100% (2/2), done.
Writing objects: 100% (3/3), 629 bytes | 314.00 KiB/s, done.
Total 3 (delta 0), reused 0 (delta 0), pack-reused 0 (from 0)
To https://github.com/LuongVanAn-25174600024-DHKL19A1CL/25174600024-luongvanan-baitap.git
   9fa06f7..130f3f6  main -> main

admin@anluong MINGW64 ~/OneDrive/Tài liệu/25174600024-luongvanan-baitap (main)
$ git checkout -b "branch_1"
Switched to a new branch 'branch_1'

admin@anluong MINGW64 ~/OneDrive/Tài liệu/25174600024-luongvanan-baitap (branch_1)
$ echo "Lorem ipsum dolor sit amet, consectetur adipiscing elit." > text_branch_1.txt

admin@anluong MINGW64 ~/OneDrive/Tài liệu/25174600024-luongvanan-baitap (branch_1)
$ git add .
g
admin@anluong MINGW64 ~/OneDrive/Tài liệu/25174600024-luongvanan-baitap (branch_1)
$ git commit -m "nhanh 1"
[branch_1 ab23a8b] nhanh 1
 1 file changed, 1 insertion(+)
 create mode 100644 text_branch_1.txt

admin@anluong MINGW64 ~/OneDrive/Tài liệu/25174600024-luongvanan-baitap (branch_1)
$ git push origin
fatal: The current branch branch_1 has no upstream branch.
To push the current branch and set the remote as upstream, use

    git push --set-upstream origin branch_1

To have this happen automatically for branches without a tracking
upstream, see 'push.autoSetupRemote' in 'git help config'.


admin@anluong MINGW64 ~/OneDrive/Tài liệu/25174600024-luongvanan-baitap (branch_1)
$ git push origin branch_1
Enumerating objects: 4, done.
Counting objects: 100% (4/4), done.
Delta compression using up to 12 threads
Compressing objects: 100% (3/3), done.
Writing objects: 100% (3/3), 348 bytes | 348.00 KiB/s, done.
Total 3 (delta 0), reused 0 (delta 0), pack-reused 0 (from 0)
remote:
remote: Create a pull request for 'branch_1' on GitHub by visiting:
remote:      https://github.com/LuongVanAn-25174600024-DHKL19A1CL/25174600024-luongvanan-baitap/pull/new/branch_1
remote:
To https://github.com/LuongVanAn-25174600024-DHKL19A1CL/25174600024-luongvanan-baitap.git
 * [new branch]      branch_1 -> branch_1

admin@anluong MINGW64 ~/OneDrive/Tài liệu/25174600024-luongvanan-baitap (branch_1)
$ git checkout main
Switched to branch 'main'
Your branch is up to date with 'origin/main'.

admin@anluong MINGW64 ~/OneDrive/Tài liệu/25174600024-luongvanan-baitap (main)
$ git checkout -b "branch_2"
Switched to a new branch 'branch_2'

admin@anluong MINGW64 ~/OneDrive/Tài liệu/25174600024-luongvanan-baitap (branch_2)
$ echo "Praesent ullamcorper orci eu erat placerat sodales." > text_branch_2.txt

admin@anluong MINGW64 ~/OneDrive/Tài liệu/25174600024-luongvanan-baitap (branch_2)
$ git add .

admin@anluong MINGW64 ~/OneDrive/Tài liệu/25174600024-luongvanan-baitap (branch_2)
$ git commit _m "nhanh 2"
error: pathspec '_m' did not match any file(s) known to git
error: pathspec 'nhanh 2' did not match any file(s) known to git

admin@anluong MINGW64 ~/OneDrive/Tài liệu/25174600024-luongvanan-baitap (branch_2)
$ git commit -m "nhanh 2"
[branch_2 e5e6bf1] nhanh 2
 1 file changed, 1 insertion(+)
 create mode 100644 text_branch_2.txt

admin@anluong MINGW64 ~/OneDrive/Tài liệu/25174600024-luongvanan-baitap (branch_2)
$ git push origin branch_2
Enumerating objects: 4, done.
Counting objects: 100% (4/4), done.
Delta compression using up to 12 threads
Compressing objects: 100% (3/3), done.
Writing objects: 100% (3/3), 340 bytes | 170.00 KiB/s, done.
Total 3 (delta 0), reused 0 (delta 0), pack-reused 0 (from 0)
remote:
remote: Create a pull request for 'branch_2' on GitHub by visiting:
remote:      https://github.com/LuongVanAn-25174600024-DHKL19A1CL/25174600024-luongvanan-baitap/pull/new/branch_2
remote:
To https://github.com/LuongVanAn-25174600024-DHKL19A1CL/25174600024-luongvanan-baitap.git
 * [new branch]      branch_2 -> branch_2

admin@anluong MINGW64 ~/OneDrive/Tài liệu/25174600024-luongvanan-baitap (branch_2)
$ git checkout main
Switched to branch 'main'
Your branch is up to date with 'origin/main'.

admin@anluong MINGW64 ~/OneDrive/Tài liệu/25174600024-luongvanan-baitap (main)
$ git checkout -b "branch_3"
Switched to a new branch 'branch_3'

admin@anluong MINGW64 ~/OneDrive/Tài liệu/25174600024-luongvanan-baitap (branch_3)
$ echo "Integer sit amet nisi aliquam, tempor libero quis, cursus erat." > text_branch_3.txt

admin@anluong MINGW64 ~/OneDrive/Tài liệu/25174600024-luongvanan-baitap (branch_3)
$ git add .

admin@anluong MINGW64 ~/OneDrive/Tài liệu/25174600024-luongvanan-baitap (branch_3)
$ git commit -m "nhanh 3"
[branch_3 e6c2f71] nhanh 3
 1 file changed, 1 insertion(+)
 create mode 100644 text_branch_3.txt

admin@anluong MINGW64 ~/OneDrive/Tài liệu/25174600024-luongvanan-baitap (branch_3)
$ git push origin branch_3
Enumerating objects: 4, done.
Counting objects: 100% (4/4), done.
Delta compression using up to 12 threads
Compressing objects: 100% (3/3), done.
Writing objects: 100% (3/3), 350 bytes | 175.00 KiB/s, done.
Total 3 (delta 0), reused 0 (delta 0), pack-reused 0 (from 0)
remote:
remote: Create a pull request for 'branch_3' on GitHub by visiting:
remote:      https://github.com/LuongVanAn-25174600024-DHKL19A1CL/25174600024-luongvanan-baitap/pull/new/branch_3
remote:
To https://github.com/LuongVanAn-25174600024-DHKL19A1CL/25174600024-luongvanan-baitap.git
 * [new branch]      branch_3 -> branch_3
ch
admin@anluong MINGW64 ~/OneDrive/Tài liệu/25174600024-luongvanan-baitap (branch_3)
$ git checkout main
Switched to branch 'main'
Your branch is up to date with 'origin/main'.

admin@anluong MINGW64 ~/OneDrive/Tài liệu/25174600024-luongvanan-baitap (main)
$ git checkout -b "branch_4"
Switched to a new branch 'branch_4'

admin@anluong MINGW64 ~/OneDrive/Tài liệu/25174600024-luongvanan-baitap (branch_4)
$ echo "Cras ac mi nec nisi porta ultrices sed non ante." > text_branch_4.txt

admin@anluong MINGW64 ~/OneDrive/Tài liệu/25174600024-luongvanan-baitap (branch_4)
$ git add .

admin@anluong MINGW64 ~/OneDrive/Tài liệu/25174600024-luongvanan-baitap (branch_4)
$ git commit -m "nhanh 4"
[branch_4 6704cdf] nhanh 4
 1 file changed, 1 insertion(+)
 create mode 100644 text_branch_4.txt

admin@anluong MINGW64 ~/OneDrive/Tài liệu/25174600024-luongvanan-baitap (branch_4)
$ git push origin branch_4
Enumerating objects: 4, done.
Counting objects: 100% (4/4), done.
Delta compression using up to 12 threads
Compressing objects: 100% (2/2), done.
Writing objects: 100% (3/3), 342 bytes | 342.00 KiB/s, done.
Total 3 (delta 0), reused 0 (delta 0), pack-reused 0 (from 0)
remote:
remote: Create a pull request for 'branch_4' on GitHub by visiting:
remote:      https://github.com/LuongVanAn-25174600024-DHKL19A1CL/25174600024-luongvanan-baitap/pull/new/branch_4
remote:
To https://github.com/LuongVanAn-25174600024-DHKL19A1CL/25174600024-luongvanan-baitap.git
 * [new branch]      branch_4 -> branch_4

admin@anluong MINGW64 ~/OneDrive/Tài liệu/25174600024-luongvanan-baitap (branch_4)
$ git checkout main
Switched to branch 'main'
Your branch is up to date with 'origin/main'.

admin@anluong MINGW64 ~/OneDrive/Tài liệu/25174600024-luongvanan-baitap (main)
$ git branch -D "branch_4"
Deleted branch branch_4 (was 6704cdf).

admin@anluong MINGW64 ~/OneDrive/Tài liệu/25174600024-luongvanan-baitap (main)
$ git branch -l
  branch_1
  branch_2
  branch_3
* main

admin@anluong MINGW64 ~/OneDrive/Tài liệu/25174600024-luongvanan-baitap (main)
$ git pull
fatal: unable to access 'https://github.com/LuongVanAn-25174600024-DHKL19A1CL/25174600024-luongvanan-ba

admin@anluong MINGW64 ~/OneDrive/Tài liệu/25174600024-luongvanan-baitap (main)
$

admin@anluong MINGW64 ~/OneDrive/Tài liệu/25174600024-luongvanan-baitap (main)
$ git branch -lh
usage: git branch [<options>] [-r | -a] [--merged] [--no-merged]
   or: git branch [<options>] [-f] [--recurse-submodules] <branch-name> [<start-point>]
   or: git branch [<options>] [-l] [<pattern>...]
   or: git branch [<options>] [-r] (-d | -D) <branch-name>...
   or: git branch [<options>] (-m | -M) [<old-branch>] <new-branch>
   or: git branch [<options>] (-c | -C) [<old-branch>] <new-branch>
   or: git branch [<options>] [-r | -a] [--points-at]
   or: git branch [<options>] [-r | -a] [--format]

Generic options
    -v, --[no-]verbose    show hash and subject, give twice for upstream branch
    -q, --[no-]quiet      suppress informational messages
    -t, --[no-]track[=(direct|inherit)]
                          set branch tracking configuration
    -u, --[no-]set-upstream-to <upstream>
                          change the upstream info
    --[no-]unset-upstream unset the upstream info
    --[no-]color[=<when>] use colored output
    -r, --remotes         act on remote-tracking branches
    --contains <commit>   print only branches that contain the commit
    --no-contains <commit>
                          print only branches that don't contain the commit
    --[no-]abbrev[=<n>]   use <n> digits to display object names

Specific git-branch actions:
    -a, --all             list both remote-tracking and local branches
    -d, --[no-]delete     delete fully merged branch
    -D                    delete branch (even if not merged)
    -m, --[no-]move       move/rename a branch and its reflog
    -M                    move/rename a branch, even if target exists
    --[no-]omit-empty     do not output a newline after empty formatted refs
    -c, --[no-]copy       copy a branch and its reflog
    -C                    copy a branch, even if target exists
    -l, --[no-]list       list branch names
    --[no-]show-current   show current branch name
    --[no-]create-reflog  create the branch's reflog
    --[no-]edit-description
                          edit the description for the branch
    -f, --[no-]force      force creation, move/rename, deletion
    --merged <commit>     print only branches that are merged
    --no-merged <commit>  print only branches that are not merged
    --[no-]column[=<style>]
                          list branches in columns
    --[no-]sort <key>     field name to sort on
    --[no-]points-at <object>
                          print only branches of the object
    -i, --[no-]ignore-case
                          sorting and filtering are case insensitive
    --[no-]recurse-submodules
                          recurse through submodules
    --[no-]format <format>
                          format to use for the output



admin@anluong MINGW64 ~/OneDrive/Tài liệu/25174600024-luongvanan-baitap (main)
$ mkdir main_folder

admin@anluong MINGW64 ~/OneDrive/Tài liệu/25174600024-luongvanan-baitap (main)
$ cd main_folder

admin@anluong MINGW64 ~/OneDrive/Tài liệu/25174600024-luongvanan-baitap/main_folder (main)
$ touch main_txt_1.txt

admin@anluong MINGW64 ~/OneDrive/Tài liệu/25174600024-luongvanan-baitap/main_folder (main)
$ touch main_txt_2.txt

admin@anluong MINGW64 ~/OneDrive/Tài liệu/25174600024-luongvanan-baitap/main_folder (main)
$ touch main_txt_3.txt

admin@anluong MINGW64 ~/OneDrive/Tài liệu/25174600024-luongvanan-baitap/main_folder (main)
$ git add .

admin@anluong MINGW64 ~/OneDrive/Tài liệu/25174600024-luongvanan-baitap/main_folder (main)
$ git commit -m "tao main folder"
[main 2bf931b] tao main folder
 3 files changed, 0 insertions(+), 0 deletions(-)
 create mode 100644 main_folder/main_txt_1.txt
 create mode 100644 main_folder/main_txt_2.txt
 create mode 100644 main_folder/main_txt_3.txt

admin@anluong MINGW64 ~/OneDrive/Tài liệu/25174600024-luongvanan-baitap/main_folder (main)
$ git push origin
Enumerating objects: 5, done.
Counting objects: 100% (5/5), done.
Delta compression using up to 12 threads
Compressing objects: 100% (3/3), done.
Writing objects: 100% (4/4), 355 bytes | 118.00 KiB/s, done.
Total 4 (delta 0), reused 0 (delta 0), pack-reused 0 (from 0)
To https://github.com/LuongVanAn-25174600024-DHKL19A1CL/25174600024-luongvanan-baitap.git
   130f3f6..2bf931b  main -> main

admin@anluong MINGW64 ~/OneDrive/Tài liệu/25174600024-luongvanan-baitap/main_folder (main)
$ git pull
Already up to date.

admin@anluong MINGW64 ~/OneDrive/Tài liệu/25174600024-luongvanan-baitap/main_folder (main)
$ git checkout branch_1
Switched to branch 'branch_1'

admin@anluong MINGW64 ~/OneDrive/Tài liệu/25174600024-luongvanan-baitap/main_folder (branch_1)
$ git checkout branch_5
error: pathspec 'branch_5' did not match any file(s) known to git

admin@anluong MINGW64 ~/OneDrive/Tài liệu/25174600024-luongvanan-baitap/main_folder (branch_1)
$ echo ""


admin@anluong MINGW64 ~/OneDrive/Tài liệu/25174600024-luongvanan-baitap/main_folder (branch_1)
$ echo "Etiam malesuada felis nulla, ac porta dui sollicitudin eget. Mauris hendrerit non
metus eget pellentesque. Etiam ornare ante at pretium hendrerit. Proin molestie
accumsan sapien, ac finibus libero lobortis quis. Praesent ac commodo eros. Nullam
malesuada v el dui nec feugiat. Cras justo ipsum, scelerisque et elit vitae, porttitor
tristique turpis. Nam ut hendrerit est. Nulla sed tincidunt nibh. Class aptent taciti
sociosqu ad litora torquent per conubia nostra, per inceptos himenaeos. Quisque vitae
egestas lacus. Phasellus turpis ante, euismod quis pellentesque et, pharetra id ligula.
Vestibulum mattis sem ac ligula auctor viverra. Phasellus dignissim mollis leo, vitae
tristique enim." > text_branch_1.txt

admin@anluong MINGW64 ~/OneDrive/Tài liệu/25174600024-luongvanan-baitap/main_folder (branch_1)
$ git add .

admin@anluong MINGW64 ~/OneDrive/Tài liệu/25174600024-luongvanan-baitap/main_folder (branch_1)
$ git commit -m "tao nhanh 5"
[branch_1 c4989ae] tao nhanh 5
 1 file changed, 9 insertions(+)
 create mode 100644 main_folder/text_branch_1.txt

admin@anluong MINGW64 ~/OneDrive/Tài liệu/25174600024-luongvanan-baitap/main_folder (branch_1)
$ git push origin
fatal: The current branch branch_1 has no upstream branch.
To push the current branch and set the remote as upstream, use

    git push --set-upstream origin branch_1

To have this happen automatically for branches without a tracking
upstream, see 'push.autoSetupRemote' in 'git help config'.


admin@anluong MINGW64 ~/OneDrive/Tài liệu/25174600024-luongvanan-baitap/main_folder (branch_1)
$ git push origin branch_5
error: src refspec branch_5 does not match any
error: failed to push some refs to 'https://github.com/LuongVanAn-25174600024-DHKL19A1CL/25174600024-luongvanan-baitap.git'

admin@anluong MINGW64 ~/OneDrive/Tài liệu/25174600024-luongvanan-baitap/main_folder (branch_1)
$ git push origin branch_1
Enumerating objects: 5, done.
Counting objects: 100% (5/5), done.
Delta compression using up to 12 threads
Compressing objects: 100% (3/3), done.
Writing objects: 100% (4/4), 773 bytes | 773.00 KiB/s, done.
Total 4 (delta 0), reused 0 (delta 0), pack-reused 0 (from 0)
To https://github.com/LuongVanAn-25174600024-DHKL19A1CL/25174600024-luongvanan-baitap.git
   ab23a8b..c4989ae  branch_1 -> branch_1

admin@anluong MINGW64 ~/OneDrive/Tài liệu/25174600024-luongvanan-baitap/main_folder (branch_1)
$ git checkout -b "branch_5"
Switched to a new branch 'branch_5'

admin@anluong MINGW64 ~/OneDrive/Tài liệu/25174600024-luongvanan-baitap/main_folder (branch_5)
$ git branch -D "branch_5"
error: cannot delete branch 'branch_5' used by worktree at 'C:/Users/admin/OneDrive/Tài liệu/25174600024-luongvanan-baitap'

admin@anluong MINGW64 ~/OneDrive/Tài liệu/25174600024-luongvanan-baitap/main_folder (branch_5)
$ git checkout branch_1
Switched to branch 'branch_1'

admin@anluong MINGW64 ~/OneDrive/Tài liệu/25174600024-luongvanan-baitap/main_folder (branch_1)
$ git branch -D "branch_5"
Deleted branch branch_5 (was c4989ae).

admin@anluong MINGW64 ~/OneDrive/Tài liệu/25174600024-luongvanan-baitap/main_folder (branch_1)
$ git checkkout -b "branch_5"
git: 'checkkout' is not a git command. See 'git --help'.

The most similar command is
        checkout

admin@anluong MINGW64 ~/OneDrive/Tài liệu/25174600024-luongvanan-baitap/main_folder (branch_1)
$ git checkout -b "branch_5"
Switched to a new branch 'branch_5'

admin@anluong MINGW64 ~/OneDrive/Tài liệu/25174600024-luongvanan-baitap/main_folder (branch_5)
$ echo "Etiam malesuada felis nulla, ac porta dui sollicitudin eget. Mauris hendrerit non
metus eget pellentesque. Etiam ornare ante at pretium hendrerit. Proin molestie
accumsan sapien, ac finibus libero lobortis quis. Praesent ac commodo eros. Nullam
malesuada v el dui nec feugiat. Cras justo ipsum, scelerisque et elit vitae, porttitor
tristique turpis. Nam ut hendrerit est. Nulla sed tincidunt nibh. Class aptent taciti
sociosqu ad litora torquent per conubia nostra, per inceptos himenaeos. Quisque vitae
egestas lacus. Phasellus turpis ante, euismod quis pellentesque et, pharetra id ligula.
Vestibulum mattis sem ac ligula auctor viverra. Phasellus dignissim mollis leo, vitae
tristique enim." > text_branch_1.txt

admin@anluong MINGW64 ~/OneDrive/Tài liệu/25174600024-luongvanan-baitap/main_folder (branch_5)
$ git add .

admin@anluong MINGW64 ~/OneDrive/Tài liệu/25174600024-luongvanan-baitap/main_folder (branch_5)
$ git commit -m "tao nhanh 5"
On branch branch_5
nothing to commit, working tree clean

admin@anluong MINGW64 ~/OneDrive/Tài liệu/25174600024-luongvanan-baitap/main_folder (branch_5)
$ git commit -m "tao nhanh 5"
On branch branch_5
nothing to commit, working tree clean

admin@anluong MINGW64 ~/OneDrive/Tài liệu/25174600024-luongvanan-baitap/main_folder (branch_5)
$ git commit -m "nhanh 5 he"
On branch branch_5
nothing to commit, working tree clean

admin@anluong MINGW64 ~/OneDrive/Tài liệu/25174600024-luongvanan-baitap/main_folder (branch_5)
$ git add .

admin@anluong MINGW64 ~/OneDrive/Tài liệu/25174600024-luongvanan-baitap/main_folder (branch_5)
$ git commit -m "duoc chua v"
On branch branch_5
nothing to commit, working tree clean

admin@anluong MINGW64 ~/OneDrive/Tài liệu/25174600024-luongvanan-baitap/main_folder (branch_5)
$ git pull
There is no tracking information for the current branch.
Please specify which branch you want to merge with.
See git-pull(1) for details.

    git pull <remote> <branch>

If you wish to set tracking information for this branch you can do so with:

    git branch --set-upstream-to=origin/<branch> branch_5


admin@anluong MINGW64 ~/OneDrive/Tài liệu/25174600024-luongvanan-baitap/main_folder (branch_5)
$ cd ..

admin@anluong MINGW64 ~/OneDrive/Tài liệu/25174600024-luongvanan-baitap (main)
$ git branch -D "branch_2"
Deleted branch branch_2 (was e5e6bf1).

admin@anluong MINGW64 ~/OneDrive/Tài liệu/25174600024-luongvanan-baitap (main)
$ git branch -D "branch_3"
Deleted branch branch_3 (was e6c2f71).

admin@anluong MINGW64 ~/OneDrive/Tài liệu/25174600024-luongvanan-baitap (main)
$ git branch -D "branch_4"
error: branch 'branch_4' not found

admin@anluong MINGW64 ~/OneDrive/Tài liệu/25174600024-luongvanan-baitap (main)
$ git push origin -d
fatal: --delete doesn't make sense without any refs

admin@anluong MINGW64 ~/OneDrive/Tài liệu/25174600024-luongvanan-baitap (main)
$ git pull
remote: Enumerating objects: 16, done.
remote: Counting objects: 100% (16/16), done.
remote: Compressing objects: 100% (9/9), done.
remote: Total 9 (delta 4), reused 0 (delta 0), pack-reused 0 (from 0)
Unpacking objects: 100% (9/9), 3.87 KiB | 165.00 KiB/s, done.
From https://github.com/LuongVanAn-25174600024-DHKL19A1CL/25174600024-luongvanan-baitap
   2bf931b..cb9fe74  main       -> origin/main
Updating 2bf931b..cb9fe74
Fast-forward
 main_folder/text_branch_1.txt | 9 +++++++++
 text_branch_1.txt             | 1 +
 text_branch_2.txt             | 1 +
 text_branch_3.txt             | 1 +
 text_branch_4.txt             | 1 +
 5 files changed, 13 insertions(+)
 create mode 100644 main_folder/text_branch_1.txt
 create mode 100644 text_branch_1.txt
 create mode 100644 text_branch_2.txt
 create mode 100644 text_branch_3.txt
 create mode 100644 text_branch_4.txt

admin@anluong MINGW64 ~/OneDrive/Tài liệu/25174600024-luongvanan-baitap (main)
$ git push origin
Everything up-to-date

admin@anluong MINGW64 ~/OneDrive/Tài liệu/25174600024-luongvanan-baitap (main)
$
